// Jest Snapshot v1, https://goo.gl/fbAQLP

exports[`<Image /> image matches snapshot 1`] = `
<body>
  <div>
    <div
      class="sc-bdnylx jbLzLu"
    >
      <img
        alt="image"
        src=""
      />
    </div>
  </div>
</body>
`;
