// Jest Snapshot v1, https://goo.gl/fbAQLP

exports[`<Button /> matches snapshot 1`] = `
<body>
  <div>
    <button
      class="sc-bdnylx bMLZUh"
      type="button"
    >
      Submit
    </button>
  </div>
</body>
`;
