// Jest Snapshot v1, https://goo.gl/fbAQLP

exports[`<Hr /> hr matches snapshot 1`] = `
<body>
  <div>
    <hr
      class="sc-bdnylx jPdwJh"
    />
  </div>
</body>
`;
