// Jest Snapshot v1, https://goo.gl/fbAQLP

exports[`<BankAccountNumberField /> input field with custom validation 1`] = `
<div>
  <form
    action="#"
    class="sc-fujyUd lIvqK"
    id="testForm"
  >
    <input
      class="sc-iCoHVE gEjxKq"
      form="[object Object]"
    />
    <div
      class="sc-pNWxx iTQnTB"
    >
      <label
        for="name"
      >
        Numer konta bankowego
      </label>
      <div
        class="sc-dIvqjp iaFmok"
      >
        <input
          class="sc-crzoUp jQLlWv"
          id="bankAccountNumberField"
          label="Numer konta bankowego"
          name="name"
          placeholder="Numer konta bankowego"
          value="test"
        />
      </div>
      <span
        class="sc-iqAbSa dmIjtF"
      >
        Podany numer konta jest nieprawid≈Çowy
      </span>
    </div>
  </form>
</div>
`;

exports[`<BankAccountNumberField /> matches snapshot 1`] = `
<input
  class="sc-crzoUp kUQhja"
  id="bankAccountNumberField"
  label="Numer konta bankowego"
  name="name"
  placeholder="Numer konta bankowego"
  value=""
/>
`;

exports[`<BankAccountNumberField /> matches snapshot with error 1`] = `
<div>
  <form
    action="#"
    class="sc-fujyUd lIvqK"
    id="testForm"
  >
    <input
      class="sc-iCoHVE gEjxKq"
      form="[object Object]"
    />
    <div
      class="sc-pNWxx iTQnTB"
    >
      <label
        for="name"
      >
        Test*
      </label>
      <div
        class="sc-dIvqjp iaFmok"
      >
        <input
          class="sc-crzoUp jQLlWv"
          id="bankAccountNumberField"
          label="Test"
          name="name"
          placeholder="Numer konta bankowego*"
          required=""
          value=""
        />
      </div>
      <span
        class="sc-iqAbSa dmIjtF"
      >
        To pole jest wymagane
      </span>
    </div>
  </form>
</div>
`;

exports[`<BankAccountNumberField /> matches snapshot with label 1`] = `
<div>
  <form
    action="#"
    class="sc-fujyUd lIvqK"
    id="testForm"
  >
    <input
      class="sc-iCoHVE gEjxKq"
      form="[object Object]"
    />
    <div
      class="sc-pNWxx iTQnTB"
    >
      <label
        for="name"
      >
        Test
      </label>
      <div
        class="sc-dIvqjp iaFmok"
      >
        <input
          class="sc-crzoUp kUQhja"
          id="bankAccountNumberField"
          label="Test"
          name="name"
          placeholder="Numer konta bankowego"
          value=""
        />
      </div>
    </div>
  </form>
</div>
`;
