// Jest Snapshot v1, https://goo.gl/fbAQLP

exports[`<BirthDateField /> matches snapshot 1`] = `
<input
  class="sc-pNWxx gayLBx"
  name="name"
  placeholder="Data urodzenia"
  type="text"
  value=""
/>
`;

exports[`<BirthDateField /> matches snapshot with label 1`] = `
<div>
  <form
    action="#"
    class="sc-iCoHVE JvWob"
    id="testForm"
  >
    <div
      class="sc-kEqYlL dXeAFH"
    >
      <label
        for="name"
      >
        Test
      </label>
      <div
        class="sc-fujyUd jdPpAV"
      >
        <div
          class="react-datepicker-wrapper"
        >
          <div
            class="react-datepicker__input-container"
          >
            <input
              class="sc-pNWxx gayLBx"
              name="name"
              placeholder="Data urodzenia"
              type="text"
              value=""
            />
          </div>
        </div>
      </div>
    </div>
  </form>
</div>
`;
