// Jest Snapshot v1, https://goo.gl/fbAQLP

exports[`<HouseNumberField /> input field with custom validation 1`] = `
<div>
  <form
    action="#"
    class="sc-fujyUd horYMd"
    id="testForm"
  >
    <input
      class="sc-iCoHVE gEjxKq"
      form="[object Object]"
    />
    <div
      class="sc-pNWxx iTQnTB"
    >
      <label
        for="house_number"
      >
        Numer domu
      </label>
      <div
        class="sc-dIvqjp iaFmok"
      >
        <input
          class="sc-crzoUp jQLlWv"
          id="testId"
          label="Numer domu"
          name="house_number"
          placeholder="Numer domu"
          value="12345678900"
        />
      </div>
      <span
        class="sc-iqAbSa dmIjtF"
      >
        Podany numer mieszkania jest nieprawid≈Çowy
      </span>
    </div>
  </form>
</div>
`;

exports[`<HouseNumberField /> matches snapshot 1`] = `
<input
  class="sc-crzoUp kUQhja"
  id="testId"
  label="Numer domu"
  name="house_number"
  placeholder="Numer domu"
  value=""
/>
`;

exports[`<HouseNumberField /> matches snapshot with error 1`] = `
<div>
  <form
    action="#"
    class="sc-fujyUd horYMd"
    id="testForm"
  >
    <input
      class="sc-iCoHVE gEjxKq"
      form="[object Object]"
    />
    <div
      class="sc-pNWxx iTQnTB"
    >
      <label
        for="house_number"
      >
        HouseNumber*
      </label>
      <div
        class="sc-dIvqjp iaFmok"
      >
        <input
          class="sc-crzoUp jQLlWv"
          id="testId"
          label="HouseNumber"
          name="house_number"
          placeholder="Numer domu*"
          required=""
          value=""
        />
      </div>
      <span
        class="sc-iqAbSa dmIjtF"
      >
        To pole jest wymagane
      </span>
    </div>
  </form>
</div>
`;

exports[`<HouseNumberField /> matches snapshot with label 1`] = `
<div>
  <form
    action="#"
    class="sc-fujyUd horYMd"
    id="testForm"
  >
    <input
      class="sc-iCoHVE gEjxKq"
      form="[object Object]"
    />
    <div
      class="sc-pNWxx iTQnTB"
    >
      <label
        for="house_number"
      >
        HouseNumber
      </label>
      <div
        class="sc-dIvqjp iaFmok"
      >
        <input
          class="sc-crzoUp kUQhja"
          id="testId"
          label="HouseNumber"
          name="house_number"
          placeholder="Numer domu"
          value=""
        />
      </div>
    </div>
  </form>
</div>
`;
