// Jest Snapshot v1, https://goo.gl/fbAQLP

exports[`<IDCardNumberField /> input field with custom validation 1`] = `
<div>
  <form
    action="#"
    class="sc-fujyUd lIvqK"
    id="testForm"
  >
    <input
      class="sc-iCoHVE gEjxKq"
      form="[object Object]"
    />
    <div
      class="sc-pNWxx iTQnTB"
    >
      <label
        for="id_card_number"
      >
        Numer dowodu osobistego
      </label>
      <div
        class="sc-dIvqjp iaFmok"
      >
        <input
          class="sc-crzoUp jQLlWv"
          id="testId"
          label="Numer dowodu osobistego"
          name="id_card_number"
          placeholder="Numer dowodu osobistego"
          value="48801213439233148617383842"
        />
      </div>
      <span
        class="sc-iqAbSa dmIjtF"
      >
        Podany numer dowodu jest nieprawid≈Çowy
      </span>
    </div>
  </form>
</div>
`;

exports[`<IDCardNumberField /> matches snapshot 1`] = `
<input
  class="sc-crzoUp kUQhja"
  id="testId"
  label="Numer dowodu osobistego"
  name="id_card_number"
  placeholder="Numer dowodu osobistego"
  value=""
/>
`;

exports[`<IDCardNumberField /> matches snapshot with error 1`] = `
<div>
  <form
    action="#"
    class="sc-fujyUd lIvqK"
    id="testForm"
  >
    <input
      class="sc-iCoHVE gEjxKq"
      form="[object Object]"
    />
    <div
      class="sc-pNWxx iTQnTB"
    >
      <label
        for="id_card_number"
      >
        IDcard*
      </label>
      <div
        class="sc-dIvqjp iaFmok"
      >
        <input
          class="sc-crzoUp jQLlWv"
          id="testId"
          label="IDcard"
          name="id_card_number"
          placeholder="Numer dowodu osobistego*"
          required=""
          value=""
        />
      </div>
      <span
        class="sc-iqAbSa dmIjtF"
      >
        To pole jest wymagane
      </span>
    </div>
  </form>
</div>
`;

exports[`<IDCardNumberField /> matches snapshot with label 1`] = `
<div>
  <form
    action="#"
    class="sc-fujyUd lIvqK"
    id="testForm"
  >
    <input
      class="sc-iCoHVE gEjxKq"
      form="[object Object]"
    />
    <div
      class="sc-pNWxx iTQnTB"
    >
      <label
        for="id_card_number"
      >
        IDCard
      </label>
      <div
        class="sc-dIvqjp iaFmok"
      >
        <input
          class="sc-crzoUp kUQhja"
          id="testId"
          label="IDCard"
          name="id_card_number"
          placeholder="Numer dowodu osobistego"
          value=""
        />
      </div>
    </div>
  </form>
</div>
`;
