// Jest Snapshot v1, https://goo.gl/fbAQLP

exports[`<PeriodField /> matches snapshot 1`] = `
<input
  class="sc-bkbjAj htnojK"
  id="periodField"
  label="Okres spÅ‚aty"
  max="60"
  min="3"
  name="name"
  step="1"
  type="text"
  value="12"
/>
`;

exports[`<PeriodField /> matches snapshot with label 1`] = `
<div>
  <form
    action="#"
    class="sc-fujyUd bFqltC"
    id="testForm"
  >
    <input
      class="sc-iCoHVE gEjxKq"
      form="[object Object]"
    />
    <div
      class="sc-iqAbSa VlpJw"
    >
      <div
        class="sc-crzoUp bYnLau"
      >
        <label
          for="name"
        >
          Test
        </label>
        <div
          class="sc-fFSRdu KJBYa"
        >
          <input
            class="sc-bkbjAj htnojK"
            id="periodField"
            label="Test"
            max="60"
            min="3"
            name="name"
            step="1"
            type="text"
            value="12"
          />
          <span
            class="sc-fKgIGh kAuZOL"
          >
            Dni
          </span>
        </div>
      </div>
      <div
        class="sc-cxNIbT hVZAQV"
      >
        <div
          aria-orientation="horizontal"
          aria-valuemax="60"
          aria-valuemin="3"
          aria-valuenow="12"
          class="rangeslider rangeslider-horizontal"
        >
          <div
            class="rangeslider__fill"
            style="width: 0px;"
          />
          <div
            class="rangeslider__handle"
            style="left: 0px;"
            tabindex="0"
          >
            <div
              class="rangeslider__handle-label"
            />
          </div>
          <ul
            class="rangeslider__labels"
          />
        </div>
      </div>
      <div
        class="sc-crzoUp bYnLau"
      >
        <span
          class="sc-dlMBXb iTcyvH"
        >
          Min. 
          3
           
          Dni
        </span>
        <span
          class="sc-dlMBXb iTcyvH"
        >
          Max. 
          60
           
          Dni
        </span>
      </div>
    </div>
  </form>
</div>
`;
