// Jest Snapshot v1, https://goo.gl/fbAQLP

exports[`base <CheckboxesGroup /> matches snapshot 1`] = `
<input
  class="sc-iktFzd bNeliV"
  id="checkboxes_group.selectAll"
  label="Zaznacz wszystkie zgody"
  name="checkboxes_group.selectAll"
  type="checkbox"
  value="false"
/>
`;
